
===========================================================================
report_checks -unconstrained
===========================================================================
======================= Typical Corner ===================================

Startpoint: _26080_ (rising edge-triggered flip-flop clocked by clk)
Endpoint: _26105_ (rising edge-triggered flip-flop clocked by clk)
Path Group: clk
Path Type: max

Fanout     Cap    Slew   Delay    Time   Description
-----------------------------------------------------------------------------
                          0.00    0.00   clock clk (rise edge)
                          0.00    0.00   clock source latency
                  0.63    0.47    0.47 ^ clk (in)
     1    0.14                           clk (net)
                  0.63    0.00    0.47 ^ clkbuf_0_clk/A (sky130_fd_sc_hd__clkbuf_16)
                  0.23    0.42    0.89 ^ clkbuf_0_clk/X (sky130_fd_sc_hd__clkbuf_16)
     7    0.22                           clknet_0_clk (net)
                  0.23    0.01    0.91 ^ clkbuf_2_1_0_clk/A (sky130_fd_sc_hd__clkbuf_8)
                  0.35    0.43    1.34 ^ clkbuf_2_1_0_clk/X (sky130_fd_sc_hd__clkbuf_8)
     8    0.21                           clknet_2_1_0_clk (net)
                  0.35    0.01    1.35 ^ clkbuf_5_10__f_clk/A (sky130_fd_sc_hd__clkbuf_16)
                  0.13    0.30    1.64 ^ clkbuf_5_10__f_clk/X (sky130_fd_sc_hd__clkbuf_16)
     8    0.11                           clknet_5_10__leaf_clk (net)
                  0.13    0.01    1.65 ^ clkbuf_leaf_77_clk/A (sky130_fd_sc_hd__clkbuf_16)
                  0.06    0.18    1.82 ^ clkbuf_leaf_77_clk/X (sky130_fd_sc_hd__clkbuf_16)
    10    0.04                           clknet_leaf_77_clk (net)
                  0.06    0.00    1.83 ^ _26080_/CLK (sky130_fd_sc_hd__dfxtp_2)
                  0.07    0.37    2.20 v _26080_/Q (sky130_fd_sc_hd__dfxtp_2)
     6    0.02                           net27 (net)
                  0.07    0.00    2.20 v _12900_/A (sky130_fd_sc_hd__or4b_4)
                  0.09    0.57    2.76 v _12900_/X (sky130_fd_sc_hd__or4b_4)
     2    0.01                           _08115_ (net)
                  0.09    0.00    2.76 v _12908_/B_N (sky130_fd_sc_hd__and4bb_4)
                  0.30    0.57    3.34 ^ _12908_/X (sky130_fd_sc_hd__and4bb_4)
     7    0.09                           _08123_ (net)
                  0.30    0.01    3.35 ^ _13591_/A1 (sky130_fd_sc_hd__o21a_4)
                  0.46    0.50    3.84 ^ _13591_/X (sky130_fd_sc_hd__o21a_4)
     7    0.15                           _08719_ (net)
                  0.47    0.03    3.88 ^ _14510_/A (sky130_fd_sc_hd__buf_12)
                  0.23    0.32    4.19 ^ _14510_/X (sky130_fd_sc_hd__buf_12)
     6    0.20                           _09406_ (net)
                  0.23    0.02    4.21 ^ _14511_/A (sky130_fd_sc_hd__buf_12)
                  0.24    0.27    4.48 ^ _14511_/X (sky130_fd_sc_hd__buf_12)
     6    0.21                           _09407_ (net)
                  0.24    0.00    4.48 ^ split20/A (sky130_fd_sc_hd__buf_12)
                  0.22    0.29    4.77 ^ split20/X (sky130_fd_sc_hd__buf_12)
     5    0.19                           net107 (net)
                  0.22    0.01    4.78 ^ _14943_/A (sky130_fd_sc_hd__buf_12)
                  0.38    0.33    5.11 ^ _14943_/X (sky130_fd_sc_hd__buf_12)
     7    0.35                           _09839_ (net)
                  0.48    0.16    5.28 ^ _15591_/A (sky130_fd_sc_hd__clkbuf_16)
                  0.28    0.40    5.68 ^ _15591_/X (sky130_fd_sc_hd__clkbuf_16)
     8    0.26                           _10484_ (net)
                  0.28    0.00    5.68 ^ split57/A (sky130_fd_sc_hd__clkbuf_8)
                  0.52    0.54    6.22 ^ split57/X (sky130_fd_sc_hd__clkbuf_8)
     9    0.30                           net144 (net)
                  0.53    0.07    6.29 ^ _16781_/S (sky130_fd_sc_hd__mux2_1)
                  0.10    0.45    6.74 v _16781_/X (sky130_fd_sc_hd__mux2_1)
     1    0.01                           _11670_ (net)
                  0.10    0.00    6.74 v _16784_/A2 (sky130_fd_sc_hd__o211a_1)
                  0.05    0.24    6.98 v _16784_/X (sky130_fd_sc_hd__o211a_1)
     1    0.00                           _11673_ (net)
                  0.05    0.00    6.98 v _16785_/B1 (sky130_fd_sc_hd__a211o_1)
                  0.14    0.39    7.37 v _16785_/X (sky130_fd_sc_hd__a211o_1)
     1    0.03                           _11674_ (net)
                  0.14    0.00    7.37 v _16794_/A2 (sky130_fd_sc_hd__a31o_1)
                  0.04    0.25    7.63 v _16794_/X (sky130_fd_sc_hd__a31o_1)
     1    0.00                           _11683_ (net)
                  0.04    0.00    7.63 v _16795_/B1 (sky130_fd_sc_hd__a31o_1)
                  0.05    0.20    7.83 v _16795_/X (sky130_fd_sc_hd__a31o_1)
     1    0.01                           _11684_ (net)
                  0.05    0.00    7.83 v _16796_/C (sky130_fd_sc_hd__nand3_2)
                  0.25    0.21    8.04 ^ _16796_/Y (sky130_fd_sc_hd__nand3_2)
     1    0.05                           _11685_ (net)
                  0.25    0.00    8.04 ^ _17006_/A2 (sky130_fd_sc_hd__a311o_4)
                  0.25    0.42    8.46 ^ _17006_/X (sky130_fd_sc_hd__a311o_4)
     3    0.07                           _11895_ (net)
                  0.25    0.01    8.47 ^ _17008_/A2 (sky130_fd_sc_hd__a31o_1)
                  0.05    0.19    8.67 ^ _17008_/X (sky130_fd_sc_hd__a31o_1)
     1    0.00                           _11897_ (net)
                  0.05    0.00    8.67 ^ _17009_/A2 (sky130_fd_sc_hd__a21oi_1)
                  0.06    0.06    8.73 v _17009_/Y (sky130_fd_sc_hd__a21oi_1)
     1    0.00                           _00325_ (net)
                  0.06    0.00    8.73 v _26105_/D (sky130_fd_sc_hd__dfxtp_1)
                                  8.73   data arrival time

                         10.00   10.00   clock clk (rise edge)
                          0.00   10.00   clock source latency
                  0.63    0.42   10.42 ^ clk (in)
     1    0.14                           clk (net)
                  0.63    0.00   10.42 ^ clkbuf_0_clk/A (sky130_fd_sc_hd__clkbuf_16)
                  0.23    0.38   10.81 ^ clkbuf_0_clk/X (sky130_fd_sc_hd__clkbuf_16)
     7    0.22                           clknet_0_clk (net)
                  0.23    0.01   10.82 ^ clkbuf_2_0_0_clk/A (sky130_fd_sc_hd__clkbuf_8)
                  0.35    0.39   11.21 ^ clkbuf_2_0_0_clk/X (sky130_fd_sc_hd__clkbuf_8)
     8    0.20                           clknet_2_0_0_clk (net)
                  0.35    0.01   11.22 ^ clkbuf_5_2__f_clk/A (sky130_fd_sc_hd__clkbuf_16)
                  0.21    0.32   11.54 ^ clkbuf_5_2__f_clk/X (sky130_fd_sc_hd__clkbuf_16)
    15    0.20                           clknet_5_2__leaf_clk (net)
                  0.22    0.01   11.55 ^ clkbuf_leaf_18_clk/A (sky130_fd_sc_hd__clkbuf_16)
                  0.04    0.17   11.72 ^ clkbuf_leaf_18_clk/X (sky130_fd_sc_hd__clkbuf_16)
     5    0.02                           clknet_leaf_18_clk (net)
                  0.04    0.00   11.72 ^ _26105_/CLK (sky130_fd_sc_hd__dfxtp_1)
                         -0.25   11.47   clock uncertainty
                          0.09   11.55   clock reconvergence pessimism
                         -0.12   11.44   library setup time
                                 11.44   data required time
-----------------------------------------------------------------------------
                                 11.44   data required time
                                 -8.73   data arrival time
-----------------------------------------------------------------------------
                                  2.71   slack (MET)




===========================================================================
report_checks --slack_max -0.01
============================================================================
======================= Typical Corner ===================================

No paths found.


===========================================================================
 report_check_types -max_slew -max_cap -max_fanout -violators
============================================================================
======================= Typical Corner ===================================

max slew

Pin                                    Limit    Slew   Slack
------------------------------------------------------------
_20926_/B1                              0.75    1.20   -0.45 (VIOLATED)
ANTENNA_133/DIODE                       0.75    1.20   -0.45 (VIOLATED)
_20925_/X                               0.75    1.20   -0.45 (VIOLATED)
_25174_/A1                              0.75    1.09   -0.34 (VIOLATED)
ANTENNA_490/DIODE                       0.75    1.09   -0.34 (VIOLATED)
ANTENNA_489/DIODE                       0.75    1.09   -0.34 (VIOLATED)
_25122_/A1                              0.75    1.09   -0.34 (VIOLATED)
ANTENNA_1334/DIODE                      0.75    1.06   -0.31 (VIOLATED)
_25601_/A1                              0.75    1.06   -0.31 (VIOLATED)
_25044_/A1                              0.75    1.06   -0.31 (VIOLATED)
ANTENNA_1328/DIODE                      0.75    1.06   -0.31 (VIOLATED)
ANTENNA_1329/DIODE                      0.75    1.06   -0.31 (VIOLATED)
_25070_/A1                              0.75    1.06   -0.31 (VIOLATED)
_25096_/A1                              0.75    1.06   -0.31 (VIOLATED)
ANTENNA_1330/DIODE                      0.75    1.06   -0.31 (VIOLATED)
ANTENNA_1331/DIODE                      0.75    1.04   -0.29 (VIOLATED)
_25359_/A1                              0.75    1.04   -0.29 (VIOLATED)
_25180_/A1                              0.75    1.04   -0.29 (VIOLATED)
ANTENNA_513/DIODE                       0.75    1.04   -0.29 (VIOLATED)
_25128_/A1                              0.75    1.04   -0.29 (VIOLATED)
ANTENNA_1333/DIODE                      0.75    1.03   -0.28 (VIOLATED)
_25411_/A1                              0.75    1.03   -0.28 (VIOLATED)
ANTENNA_1332/DIODE                      0.75    1.03   -0.28 (VIOLATED)
_25385_/A1                              0.75    1.03   -0.28 (VIOLATED)
output30/A                              0.75    1.02   -0.27 (VIOLATED)
_17468_/A                               0.75    1.02   -0.27 (VIOLATED)
_24982_/A                               0.75    1.02   -0.27 (VIOLATED)
_23976_/A                               0.75    1.02   -0.27 (VIOLATED)
_24384_/A                               0.75    1.02   -0.27 (VIOLATED)
_25102_/A1                              0.75    1.00   -0.25 (VIOLATED)
_25076_/A1                              0.75    1.00   -0.25 (VIOLATED)
_25050_/A1                              0.75    1.00   -0.25 (VIOLATED)
ANTENNA_1337/DIODE                      0.75    0.97   -0.22 (VIOLATED)
_25607_/A1                              0.75    0.97   -0.22 (VIOLATED)
_25365_/A1                              0.75    0.95   -0.20 (VIOLATED)
_25417_/A1                              0.75    0.95   -0.20 (VIOLATED)
ANTENNA_1336/DIODE                      0.75    0.95   -0.20 (VIOLATED)
_25391_/A1                              0.75    0.95   -0.20 (VIOLATED)
ANTENNA_1335/DIODE                      0.75    0.95   -0.20 (VIOLATED)
_25006_/A                               0.75    0.94   -0.19 (VIOLATED)
_24000_/A                               0.75    0.94   -0.19 (VIOLATED)
output36/A                              0.75    0.94   -0.19 (VIOLATED)
_24414_/A                               0.75    0.94   -0.19 (VIOLATED)
_17504_/A                               0.75    0.94   -0.19 (VIOLATED)
_13144_/A                               0.75    0.93   -0.18 (VIOLATED)
_13246_/A                               0.75    0.93   -0.18 (VIOLATED)
_26091_/Q                               0.75    0.93   -0.18 (VIOLATED)
_13294_/A                               0.75    0.92   -0.17 (VIOLATED)
ANTENNA_1054/DIODE                      0.75    0.92   -0.17 (VIOLATED)
_13192_/A                               0.75    0.92   -0.17 (VIOLATED)
_26097_/Q                               0.75    0.92   -0.17 (VIOLATED)
output19/A                              0.75    0.78   -0.03 (VIOLATED)
ANTENNA_1047/DIODE                      0.75    0.78   -0.03 (VIOLATED)
ANTENNA_1049/DIODE                      0.75    0.78   -0.03 (VIOLATED)
ANTENNA_1050/DIODE                      0.75    0.78   -0.03 (VIOLATED)
ANTENNA_1051/DIODE                      0.75    0.78   -0.03 (VIOLATED)
ANTENNA_1052/DIODE                      0.75    0.78   -0.03 (VIOLATED)
ANTENNA_1561/DIODE                      0.75    0.78   -0.03 (VIOLATED)
ANTENNA_1560/DIODE                      0.75    0.78   -0.03 (VIOLATED)
ANTENNA_1557/DIODE                      0.75    0.78   -0.03 (VIOLATED)
ANTENNA_1048/DIODE                      0.75    0.78   -0.03 (VIOLATED)
_13550_/A                               0.75    0.78   -0.03 (VIOLATED)
ANTENNA_1046/DIODE                      0.75    0.78   -0.03 (VIOLATED)
ANTENNA_1556/DIODE                      0.75    0.78   -0.03 (VIOLATED)
ANTENNA_1558/DIODE                      0.75    0.78   -0.03 (VIOLATED)
ANTENNA_1559/DIODE                      0.75    0.78   -0.03 (VIOLATED)
_17486_/A                               0.75    0.78   -0.03 (VIOLATED)
_23988_/A                               0.75    0.77   -0.02 (VIOLATED)
_24994_/A                               0.75    0.77   -0.02 (VIOLATED)
output33/A                              0.75    0.77   -0.02 (VIOLATED)
ANTENNA_1611/DIODE                      0.75    0.77   -0.02 (VIOLATED)
_24399_/A                               0.75    0.77   -0.02 (VIOLATED)
_13120_/A                               0.75    0.76   -0.01 (VIOLATED)
_13416_/A                               0.75    0.76   -0.01 (VIOLATED)
ANTENNA_1045/DIODE                      0.75    0.76   -0.01 (VIOLATED)
_15243_/A                               0.75    0.76   -0.01 (VIOLATED)
_15277_/A                               0.75    0.76   -0.01 (VIOLATED)
ANTENNA_1634/DIODE                      0.75    0.76   -0.01 (VIOLATED)
_13130_/A                               0.75    0.76   -0.01 (VIOLATED)
_19656_/A1                              0.75    0.76   -0.01 (VIOLATED)
_14453_/A                               0.75    0.76   -0.01 (VIOLATED)
_26088_/Q                               0.75    0.76   -0.01 (VIOLATED)
_14537_/A                               0.75    0.76   -0.01 (VIOLATED)

max fanout

Pin                                   Limit Fanout  Slack
---------------------------------------------------------
_13279_/X                                10     48    -38 (VIOLATED)
_13129_/X                                10     39    -29 (VIOLATED)
_22877_/X                                10     30    -20 (VIOLATED)
_13302_/X                                10     28    -18 (VIOLATED)
load_slew87/X                            10     27    -17 (VIOLATED)
_13204_/X                                10     25    -15 (VIOLATED)
_13436_/X                                10     25    -15 (VIOLATED)
_14608_/X                                10     25    -15 (VIOLATED)
_24112_/X                                10     25    -15 (VIOLATED)
split24/X                                10     25    -15 (VIOLATED)
_13132_/X                                10     24    -14 (VIOLATED)
_19064_/X                                10     24    -14 (VIOLATED)
_13466_/X                                10     23    -13 (VIOLATED)
_13901_/X                                10     23    -13 (VIOLATED)
_14590_/X                                10     23    -13 (VIOLATED)
_24104_/X                                10     23    -13 (VIOLATED)
_13201_/X                                10     22    -12 (VIOLATED)
_14804_/X                                10     22    -12 (VIOLATED)
_19913_/X                                10     22    -12 (VIOLATED)
_13400_/X                                10     21    -11 (VIOLATED)
_14926_/X                                10     21    -11 (VIOLATED)
_22121_/X                                10     21    -11 (VIOLATED)
_13295_/X                                10     20    -10 (VIOLATED)
_13910_/X                                10     20    -10 (VIOLATED)
_14574_/X                                10     20    -10 (VIOLATED)
_14778_/X                                10     20    -10 (VIOLATED)
_14826_/X                                10     20    -10 (VIOLATED)
_15231_/X                                10     20    -10 (VIOLATED)
_19052_/X                                10     20    -10 (VIOLATED)
_19868_/X                                10     20    -10 (VIOLATED)
_24394_/X                                10     20    -10 (VIOLATED)
_26088_/Q                                10     20    -10 (VIOLATED)
_13318_/X                                10     19     -9 (VIOLATED)
_13430_/X                                10     19     -9 (VIOLATED)
_13454_/X                                10     19     -9 (VIOLATED)
_14514_/X                                10     19     -9 (VIOLATED)
_14538_/X                                10     19     -9 (VIOLATED)
_14945_/X                                10     19     -9 (VIOLATED)
_15440_/X                                10     19     -9 (VIOLATED)
_18026_/X                                10     19     -9 (VIOLATED)
_19060_/X                                10     19     -9 (VIOLATED)
_24082_/X                                10     19     -9 (VIOLATED)
_13255_/X                                10     18     -8 (VIOLATED)
_13266_/X                                10     18     -8 (VIOLATED)
_13287_/X                                10     18     -8 (VIOLATED)
_13333_/X                                10     18     -8 (VIOLATED)
_13341_/X                                10     18     -8 (VIOLATED)
_13607_/X                                10     18     -8 (VIOLATED)
_13914_/X                                10     18     -8 (VIOLATED)
_13922_/X                                10     18     -8 (VIOLATED)
_13926_/X                                10     18     -8 (VIOLATED)
_14539_/X                                10     18     -8 (VIOLATED)
_14609_/X                                10     18     -8 (VIOLATED)
_14646_/X                                10     18     -8 (VIOLATED)
_14843_/X                                10     18     -8 (VIOLATED)
_14995_/X                                10     18     -8 (VIOLATED)
_15606_/X                                10     18     -8 (VIOLATED)
_13290_/X                                10     17     -7 (VIOLATED)
_13345_/X                                10     17     -7 (VIOLATED)
_13439_/X                                10     17     -7 (VIOLATED)
_14655_/X                                10     17     -7 (VIOLATED)
_14716_/X                                10     17     -7 (VIOLATED)
_14954_/X                                10     17     -7 (VIOLATED)
_14999_/X                                10     17     -7 (VIOLATED)
_15002_/X                                10     17     -7 (VIOLATED)
_15007_/X                                10     17     -7 (VIOLATED)
_15022_/X                                10     17     -7 (VIOLATED)
_15132_/X                                10     17     -7 (VIOLATED)
_21798_/X                                10     17     -7 (VIOLATED)
clkbuf_5_17__f_clk/X                     10     17     -7 (VIOLATED)
clkbuf_5_27__f_clk/X                     10     17     -7 (VIOLATED)
_13247_/X                                10     16     -6 (VIOLATED)
_13329_/X                                10     16     -6 (VIOLATED)
_13361_/X                                10     16     -6 (VIOLATED)
_13587_/X                                10     16     -6 (VIOLATED)
_14217_/X                                10     16     -6 (VIOLATED)
_14500_/X                                10     16     -6 (VIOLATED)
_14541_/X                                10     16     -6 (VIOLATED)
_14773_/X                                10     16     -6 (VIOLATED)
_14779_/X                                10     16     -6 (VIOLATED)
_14833_/X                                10     16     -6 (VIOLATED)
_14838_/X                                10     16     -6 (VIOLATED)
_14911_/X                                10     16     -6 (VIOLATED)
_15059_/X                                10     16     -6 (VIOLATED)
_15143_/X                                10     16     -6 (VIOLATED)
_15181_/X                                10     16     -6 (VIOLATED)
_19044_/X                                10     16     -6 (VIOLATED)
_19788_/X                                10     16     -6 (VIOLATED)
_19880_/X                                10     16     -6 (VIOLATED)
_22116_/X                                10     16     -6 (VIOLATED)
_24100_/X                                10     16     -6 (VIOLATED)
_24998_/X                                10     16     -6 (VIOLATED)
input7/X                                 10     16     -6 (VIOLATED)
_13131_/X                                10     15     -5 (VIOLATED)
_13282_/X                                10     15     -5 (VIOLATED)
_13298_/X                                10     15     -5 (VIOLATED)
_13349_/X                                10     15     -5 (VIOLATED)
_13451_/X                                10     15     -5 (VIOLATED)
_13463_/X                                10     15     -5 (VIOLATED)
_13978_/X                                10     15     -5 (VIOLATED)
_14493_/X                                10     15     -5 (VIOLATED)
_14504_/X                                10     15     -5 (VIOLATED)
_14592_/X                                10     15     -5 (VIOLATED)
_14599_/X                                10     15     -5 (VIOLATED)
_14693_/X                                10     15     -5 (VIOLATED)
_14914_/X                                10     15     -5 (VIOLATED)
_15042_/X                                10     15     -5 (VIOLATED)
_15620_/X                                10     15     -5 (VIOLATED)
_18042_/X                                10     15     -5 (VIOLATED)
_21778_/X                                10     15     -5 (VIOLATED)
_21794_/X                                10     15     -5 (VIOLATED)
_22873_/X                                10     15     -5 (VIOLATED)
_24092_/X                                10     15     -5 (VIOLATED)
_24378_/X                                10     15     -5 (VIOLATED)
_24395_/X                                10     15     -5 (VIOLATED)
_24584_/X                                10     15     -5 (VIOLATED)
clkbuf_5_21__f_clk/X                     10     15     -5 (VIOLATED)
clkbuf_5_26__f_clk/X                     10     15     -5 (VIOLATED)
clkbuf_5_29__f_clk/X                     10     15     -5 (VIOLATED)
clkbuf_5_2__f_clk/X                      10     15     -5 (VIOLATED)
clkbuf_5_9__f_clk/X                      10     15     -5 (VIOLATED)
_13111_/X                                10     14     -4 (VIOLATED)
_13135_/X                                10     14     -4 (VIOLATED)
_13250_/X                                10     14     -4 (VIOLATED)
_13263_/X                                10     14     -4 (VIOLATED)
_13274_/X                                10     14     -4 (VIOLATED)
_13410_/X                                10     14     -4 (VIOLATED)
_13433_/X                                10     14     -4 (VIOLATED)
_13442_/X                                10     14     -4 (VIOLATED)
_13906_/X                                10     14     -4 (VIOLATED)
_14512_/X                                10     14     -4 (VIOLATED)
_14513_/X                                10     14     -4 (VIOLATED)
_14518_/X                                10     14     -4 (VIOLATED)
_14587_/X                                10     14     -4 (VIOLATED)
_14607_/X                                10     14     -4 (VIOLATED)
_14685_/X                                10     14     -4 (VIOLATED)
_14703_/X                                10     14     -4 (VIOLATED)
_14721_/X                                10     14     -4 (VIOLATED)
_14733_/X                                10     14     -4 (VIOLATED)
_14792_/X                                10     14     -4 (VIOLATED)
_14800_/X                                10     14     -4 (VIOLATED)
_14811_/X                                10     14     -4 (VIOLATED)
_14886_/X                                10     14     -4 (VIOLATED)
_15107_/X                                10     14     -4 (VIOLATED)
_15121_/X                                10     14     -4 (VIOLATED)
_15198_/X                                10     14     -4 (VIOLATED)
_15351_/X                                10     14     -4 (VIOLATED)
_19040_/X                                10     14     -4 (VIOLATED)
_19824_/X                                10     14     -4 (VIOLATED)
_20023_/X                                10     14     -4 (VIOLATED)
_24976_/X                                10     14     -4 (VIOLATED)
_24986_/X                                10     14     -4 (VIOLATED)
_24990_/X                                10     14     -4 (VIOLATED)
_25006_/X                                10     14     -4 (VIOLATED)
_26100_/Q                                10     14     -4 (VIOLATED)
_26101_/Q                                10     14     -4 (VIOLATED)
clkbuf_5_16__f_clk/X                     10     14     -4 (VIOLATED)
clkbuf_5_24__f_clk/X                     10     14     -4 (VIOLATED)
clkbuf_5_4__f_clk/X                      10     14     -4 (VIOLATED)
clkbuf_leaf_9_clk/X                      10     14     -4 (VIOLATED)
_13230_/X                                10     13     -3 (VIOLATED)
_13278_/X                                10     13     -3 (VIOLATED)
_13319_/X                                10     13     -3 (VIOLATED)
_13445_/X                                10     13     -3 (VIOLATED)
_13460_/X                                10     13     -3 (VIOLATED)
_13471_/X                                10     13     -3 (VIOLATED)
_13603_/X                                10     13     -3 (VIOLATED)
_13627_/X                                10     13     -3 (VIOLATED)
_14489_/X                                10     13     -3 (VIOLATED)
_14490_/X                                10     13     -3 (VIOLATED)
_14494_/X                                10     13     -3 (VIOLATED)
_14503_/X                                10     13     -3 (VIOLATED)
_14517_/X                                10     13     -3 (VIOLATED)
_14525_/X                                10     13     -3 (VIOLATED)
_14535_/X                                10     13     -3 (VIOLATED)
_14542_/X                                10     13     -3 (VIOLATED)
_14584_/X                                10     13     -3 (VIOLATED)
_14586_/X                                10     13     -3 (VIOLATED)
_14595_/X                                10     13     -3 (VIOLATED)
_14627_/X                                10     13     -3 (VIOLATED)
_14628_/X                                10     13     -3 (VIOLATED)
_14636_/X                                10     13     -3 (VIOLATED)
_14648_/X                                10     13     -3 (VIOLATED)
_14652_/X                                10     13     -3 (VIOLATED)
_14691_/X                                10     13     -3 (VIOLATED)
_14694_/X                                10     13     -3 (VIOLATED)
_14704_/X                                10     13     -3 (VIOLATED)
_14771_/X                                10     13     -3 (VIOLATED)
_14794_/X                                10     13     -3 (VIOLATED)
_14799_/X                                10     13     -3 (VIOLATED)
_14834_/X                                10     13     -3 (VIOLATED)
_14877_/X                                10     13     -3 (VIOLATED)
_14998_/X                                10     13     -3 (VIOLATED)
_15009_/X                                10     13     -3 (VIOLATED)
_15023_/X                                10     13     -3 (VIOLATED)
_15043_/X                                10     13     -3 (VIOLATED)
_15070_/X                                10     13     -3 (VIOLATED)
_15289_/X                                10     13     -3 (VIOLATED)
_15455_/X                                10     13     -3 (VIOLATED)
_18817_/X                                10     13     -3 (VIOLATED)
_19056_/X                                10     13     -3 (VIOLATED)
_19250_/X                                10     13     -3 (VIOLATED)
_19826_/X                                10     13     -3 (VIOLATED)
_19854_/X                                10     13     -3 (VIOLATED)
_20035_/X                                10     13     -3 (VIOLATED)
_20268_/X                                10     13     -3 (VIOLATED)
_21595_/X                                10     13     -3 (VIOLATED)
_21768_/X                                10     13     -3 (VIOLATED)
_21774_/X                                10     13     -3 (VIOLATED)
_21786_/X                                10     13     -3 (VIOLATED)
_23824_/X                                10     13     -3 (VIOLATED)
_24982_/X                                10     13     -3 (VIOLATED)
clkbuf_5_18__f_clk/X                     10     13     -3 (VIOLATED)
clkbuf_5_23__f_clk/X                     10     13     -3 (VIOLATED)
clkbuf_5_28__f_clk/X                     10     13     -3 (VIOLATED)
_13099_/X                                10     12     -2 (VIOLATED)
_13359_/X                                10     12     -2 (VIOLATED)
_13424_/X                                10     12     -2 (VIOLATED)
_13489_/X                                10     12     -2 (VIOLATED)
_13596_/X                                10     12     -2 (VIOLATED)
_13930_/X                                10     12     -2 (VIOLATED)
_14061_/X                                10     12     -2 (VIOLATED)
_14506_/X                                10     12     -2 (VIOLATED)
_14526_/X                                10     12     -2 (VIOLATED)
_14532_/X                                10     12     -2 (VIOLATED)
_14581_/X                                10     12     -2 (VIOLATED)
_14623_/X                                10     12     -2 (VIOLATED)
_14624_/X                                10     12     -2 (VIOLATED)
_14629_/X                                10     12     -2 (VIOLATED)
_14678_/X                                10     12     -2 (VIOLATED)
_14680_/X                                10     12     -2 (VIOLATED)
_14736_/X                                10     12     -2 (VIOLATED)
_14795_/X                                10     12     -2 (VIOLATED)
_14798_/X                                10     12     -2 (VIOLATED)
_14829_/X                                10     12     -2 (VIOLATED)
_14915_/X                                10     12     -2 (VIOLATED)
_15595_/X                                10     12     -2 (VIOLATED)
_19770_/X                                10     12     -2 (VIOLATED)
_19797_/X                                10     12     -2 (VIOLATED)
_19803_/X                                10     12     -2 (VIOLATED)
_19822_/X                                10     12     -2 (VIOLATED)
_19905_/X                                10     12     -2 (VIOLATED)
_19958_/X                                10     12     -2 (VIOLATED)
_19999_/X                                10     12     -2 (VIOLATED)
_20025_/X                                10     12     -2 (VIOLATED)
_20040_/X                                10     12     -2 (VIOLATED)
_23620_/X                                10     12     -2 (VIOLATED)
_24096_/X                                10     12     -2 (VIOLATED)
_24415_/X                                10     12     -2 (VIOLATED)
_25002_/X                                10     12     -2 (VIOLATED)
clkbuf_5_14__f_clk/X                     10     12     -2 (VIOLATED)
clkbuf_5_20__f_clk/X                     10     12     -2 (VIOLATED)
clkbuf_5_22__f_clk/X                     10     12     -2 (VIOLATED)
clkbuf_5_25__f_clk/X                     10     12     -2 (VIOLATED)
clkbuf_5_3__f_clk/X                      10     12     -2 (VIOLATED)
clkbuf_leaf_199_clk/X                    10     12     -2 (VIOLATED)
clkbuf_leaf_78_clk/X                     10     12     -2 (VIOLATED)
split16/X                                10     12     -2 (VIOLATED)
_13136_/X                                10     11        (VIOLATED)
_13188_/X                                10     11        (VIOLATED)
_13219_/X                                10     11        (VIOLATED)
_13265_/X                                10     11        (VIOLATED)
_13272_/X                                10     11        (VIOLATED)
_13281_/X                                10     11        (VIOLATED)
_13372_/X                                10     11        (VIOLATED)
_13448_/X                                10     11        (VIOLATED)
_13594_/X                                10     11        (VIOLATED)
_13615_/X                                10     11        (VIOLATED)
_13623_/X                                10     11        (VIOLATED)
_13764_/X                                10     11        (VIOLATED)
_14214_/X                                10     11        (VIOLATED)
_14505_/X                                10     11        (VIOLATED)
_14527_/X                                10     11        (VIOLATED)
_14543_/X                                10     11        (VIOLATED)
_14647_/X                                10     11        (VIOLATED)
_14656_/X                                10     11        (VIOLATED)
_14662_/X                                10     11        (VIOLATED)
_14664_/X                                10     11        (VIOLATED)
_14681_/X                                10     11        (VIOLATED)
_14766_/X                                10     11        (VIOLATED)
_14863_/X                                10     11        (VIOLATED)
_14885_/X                                10     11        (VIOLATED)
_14991_/X                                10     11        (VIOLATED)
_14992_/X                                10     11        (VIOLATED)
_15041_/X                                10     11        (VIOLATED)
_15058_/X                                10     11        (VIOLATED)
_15451_/X                                10     11        (VIOLATED)
_15468_/X                                10     11        (VIOLATED)
_15471_/X                                10     11        (VIOLATED)
_15623_/X                                10     11        (VIOLATED)
_15776_/X                                10     11        (VIOLATED)
_16847_/X                                10     11        (VIOLATED)
_18022_/X                                10     11        (VIOLATED)
_18220_/X                                10     11        (VIOLATED)
_19216_/X                                10     11        (VIOLATED)
_19760_/X                                10     11        (VIOLATED)
_19778_/X                                10     11        (VIOLATED)
_19831_/X                                10     11        (VIOLATED)
_19861_/X                                10     11        (VIOLATED)
_19870_/X                                10     11        (VIOLATED)
_19878_/X                                10     11        (VIOLATED)
_19930_/X                                10     11        (VIOLATED)
_19947_/X                                10     11        (VIOLATED)
_20039_/X                                10     11        (VIOLATED)
_20048_/X                                10     11        (VIOLATED)
_20113_/X                                10     11        (VIOLATED)
_21270_/X                                10     11        (VIOLATED)
_21382_/X                                10     11        (VIOLATED)
_21977_/X                                10     11        (VIOLATED)
_22213_/X                                10     11        (VIOLATED)
_22551_/X                                10     11        (VIOLATED)
_22656_/X                                10     11        (VIOLATED)
_24389_/X                                10     11        (VIOLATED)
_24399_/X                                10     11        (VIOLATED)
_24419_/X                                10     11        (VIOLATED)
_28002_/Q                                10     11        (VIOLATED)
clkbuf_5_15__f_clk/X                     10     11        (VIOLATED)
clkbuf_5_19__f_clk/X                     10     11        (VIOLATED)
clkbuf_5_5__f_clk/X                      10     11        (VIOLATED)
clkbuf_leaf_100_clk/X                    10     11        (VIOLATED)
clkbuf_leaf_164_clk/X                    10     11        (VIOLATED)
clkbuf_leaf_16_clk/X                     10     11        (VIOLATED)
clkbuf_leaf_182_clk/X                    10     11        (VIOLATED)
clkbuf_leaf_213_clk/X                    10     11        (VIOLATED)
clkbuf_leaf_28_clk/X                     10     11        (VIOLATED)
clkbuf_leaf_291_clk/X                    10     11        (VIOLATED)
clkbuf_leaf_304_clk/X                    10     11        (VIOLATED)
clkbuf_leaf_315_clk/X                    10     11        (VIOLATED)
clkbuf_leaf_361_clk/X                    10     11        (VIOLATED)
clkbuf_leaf_363_clk/X                    10     11        (VIOLATED)
clkbuf_leaf_374_clk/X                    10     11        (VIOLATED)
split42/X                                10     11        (VIOLATED)
split43/X                                10     11        (VIOLATED)
split9/X                                 10     11        (VIOLATED)



===========================================================================
report_parasitic_annotation -report_unannotated
============================================================================
Found 1 unannotated drivers.
 _26106_/Q
Found 0 partially unannotated drivers.

===========================================================================
max slew violation count 83
max fanout violation count 334
max cap violation count 0
============================================================================

===========================================================================
check_setup -verbose -unconstrained_endpoints -multiple_clock -no_clock -no_input_delay -loops -generated_clocks
===========================================================================
