Partial/Required: 22.37, Required:    400.0, Partial:  8947.17, Net: _02693_, Pin: _19036_/A0, Layer: met3
Partial/Required:  6.19, Required:    400.0, Partial:  2474.79, Net: _09690_, Pin: _15997_/B, Layer: met3
Partial/Required:  5.45, Required:    400.0, Partial:  2178.16, Net: _08648_, Pin: _25449_/A0, Layer: met3
Partial/Required:  4.91, Required:    400.0, Partial:  1964.38, Net: _09675_, Pin: _15483_/S, Layer: met3
Partial/Required:  4.70, Required:    400.0, Partial:  1879.37, Net: _08454_, Pin: _14008_/A1, Layer: met3
Partial/Required:  4.29, Required:    400.0, Partial:  1716.19, Net: net120, Pin: _16994_/S, Layer: met3
Partial/Required:  3.40, Required:    400.0, Partial:   1361.2, Net: _04737_, Pin: _21245_/B1, Layer: met4
Partial/Required:  3.03, Required:    400.0, Partial:  1211.17, Net: _05521_, Pin: _23226_/A1, Layer: met3
Partial/Required:  3.03, Required:    400.0, Partial:  1211.17, Net: _05521_, Pin: _23252_/A1, Layer: met3
Partial/Required:  2.98, Required:    400.0, Partial:  1190.73, Net: _08970_, Pin: _13919_/A1, Layer: met3
Partial/Required:  2.98, Required:    400.0, Partial:  1190.73, Net: _08970_, Pin: _14144_/A1, Layer: met3
Partial/Required:  2.97, Required:    400.0, Partial:  1186.44, Net: RAM1.mem\[11\]\[3\], Pin: _24831_/A1, Layer: met1
Partial/Required:  2.87, Required:    400.0, Partial:   1146.0, Net: _08389_, Pin: _13543_/A, Layer: met1
Partial/Required:  2.78, Required:    400.0, Partial:  1113.94, Net: net90, Pin: _16569_/S, Layer: met3
Partial/Required:  2.78, Required:    400.0, Partial:  1113.94, Net: net90, Pin: _16508_/S, Layer: met3
Partial/Required:  2.61, Required:    400.0, Partial:  1044.11, Net: RAM1.mem\[8\]\[3\], Pin: _15811_/A0, Layer: met1
Partial/Required:  2.58, Required:    400.0, Partial:  1030.67, Net: _08451_, Pin: _13617_/A0, Layer: met3
Partial/Required:  2.58, Required:    400.0, Partial:  1030.67, Net: _08451_, Pin: _13857_/A0, Layer: met3
Partial/Required:  2.57, Required:    400.0, Partial:  1029.89, Net: RAM1.mem\[202\]\[4\], Pin: _21850_/A1, Layer: met1
Partial/Required:  2.57, Required:    400.0, Partial:  1026.92, Net: _10191_, Pin: _15306_/B, Layer: met3
Partial/Required:  2.56, Required:    400.0, Partial:  1025.11, Net: RAM1.mem\[255\]\[0\], Pin: _13409_/A1, Layer: met1
Partial/Required:  2.56, Required:    400.0, Partial:  1022.78, Net: RAM1.mem\[5\]\[1\], Pin: _17687_/A0, Layer: met1
Partial/Required:  2.55, Required:    400.0, Partial:  1018.33, Net: _06840_, Pin: _24110_/A0, Layer: met1
Partial/Required:  2.54, Required:    400.0, Partial:  1017.56, Net: RAM1.mem\[11\]\[6\], Pin: _16516_/A1, Layer: met1
Partial/Required:  2.42, Required:    400.0, Partial:   968.76, Net: net119, Pin: _16527_/S, Layer: met3
Partial/Required:  2.41, Required:    400.0, Partial:   965.93, Net: net26, Pin: output26/A, Layer: met1
Partial/Required:  2.37, Required:    400.0, Partial:   949.59, Net: _09938_, Pin: _15104_/S, Layer: met3
Partial/Required:  2.37, Required:    400.0, Partial:   948.44, Net: RAM1.mem\[5\]\[0\], Pin: _17683_/A0, Layer: met1
Partial/Required:  2.37, Required:    400.0, Partial:   948.17, Net: _08584_, Pin: _14282_/A0, Layer: met2
Partial/Required:  2.37, Required:    400.0, Partial:   946.83, Net: _09384_, Pin: _15213_/S, Layer: met3
Partial/Required:  2.37, Required:    400.0, Partial:   946.83, Net: _09384_, Pin: _15214_/S, Layer: met3
Partial/Required:  2.27, Required:    400.0, Partial:   907.67, Net: RAM1.mem\[203\]\[2\], Pin: _15578_/A1, Layer: met1
Partial/Required:  2.26, Required:    400.0, Partial:   904.11, Net: _05333_, Pin: _22248_/A1, Layer: met1
Partial/Required:  2.19, Required:    400.0, Partial:   875.05, Net: _03546_, Pin: _21698_/A2, Layer: met3
Partial/Required:  2.16, Required:    400.0, Partial:   864.78, Net: _09710_, Pin: _15675_/C1, Layer: met3
Partial/Required:  2.14, Required:    400.0, Partial:   856.11, Net: _05161_, Pin: _21671_/B1, Layer: met3
Partial/Required:  2.07, Required:    400.0, Partial:   829.21, Net: _08509_, Pin: _24808_/A0, Layer: met3
Partial/Required:  2.07, Required:    400.0, Partial:   829.21, Net: _08509_, Pin: _23932_/A0, Layer: met3
Partial/Required:  2.05, Required:    400.0, Partial:   819.22, Net: RAM1.mem\[5\]\[6\], Pin: _17702_/A0, Layer: met1
Partial/Required:  2.04, Required:    400.0, Partial:    818.0, Net: RAM1.mem\[171\]\[6\], Pin: _23140_/A1, Layer: met1
Partial/Required:  2.03, Required:    400.0, Partial:   811.06, Net: _02693_, Pin: _22395_/A0, Layer: met2
Partial/Required:  2.03, Required:    400.0, Partial:   811.06, Net: _02693_, Pin: _22342_/A0, Layer: met2
Partial/Required:  1.97, Required:    400.0, Partial:   789.23, Net: net150, Pin: _25002_/A, Layer: met3
Partial/Required:  1.97, Required:    400.0, Partial:   789.23, Net: net150, Pin: output35/A, Layer: met3
Partial/Required:  1.96, Required:    400.0, Partial:    783.9, Net: _09190_, Pin: _15901_/C1, Layer: met3
Partial/Required:  1.96, Required:    400.0, Partial:   782.67, Net: _12644_, Pin: _23228_/A0, Layer: met2
Partial/Required:  1.96, Required:    400.0, Partial:   782.67, Net: _12644_, Pin: _23254_/A0, Layer: met2
Partial/Required:  1.95, Required:    400.0, Partial:   779.96, Net: _09477_, Pin: _16119_/C1, Layer: met3
Partial/Required:  1.95, Required:    400.0, Partial:   779.96, Net: _09477_, Pin: _16683_/C1, Layer: met3
Partial/Required:  1.93, Required:    400.0, Partial:   771.88, Net: _09974_, Pin: _15314_/C1, Layer: met3
Partial/Required:  1.92, Required:    400.0, Partial:    767.0, Net: _12618_, Pin: _18954_/A0, Layer: met1
Partial/Required:  1.90, Required:    400.0, Partial:   760.11, Net: _08645_, Pin: _14409_/A1, Layer: met1
Partial/Required:  1.90, Required:    400.0, Partial:    759.0, Net: RAM1.mem\[122\]\[2\], Pin: _25333_/A1, Layer: met1
Partial/Required:  1.87, Required:    400.0, Partial:   749.44, Net: _05796_, Pin: _22755_/A1, Layer: met1
Partial/Required:  1.86, Required:    400.0, Partial:   742.88, Net: _03360_, Pin: _21020_/B1, Layer: met1
Partial/Required:  1.84, Required:    400.0, Partial:   735.17, Net: _08636_, Pin: _25437_/A0, Layer: met2
Partial/Required:  1.78, Required:    400.0, Partial:   711.43, Net: _10076_, Pin: _16358_/S, Layer: met3
Partial/Required:  1.77, Required:    400.0, Partial:   707.68, Net: _08451_, Pin: _13888_/A0, Layer: met3
Partial/Required:  1.77, Required:    400.0, Partial:   707.68, Net: _08451_, Pin: _13793_/A0, Layer: met3
Partial/Required:  1.77, Required:    400.0, Partial:   707.68, Net: _08451_, Pin: _13948_/A0, Layer: met3
Partial/Required:  1.77, Required:    400.0, Partial:   707.68, Net: _08451_, Pin: _13389_/A0, Layer: met3
Partial/Required:  1.76, Required:    400.0, Partial:   705.78, Net: _09318_, Pin: _17433_/A0, Layer: met1
Partial/Required:  1.75, Required:    400.0, Partial:   700.89, Net: _08961_, Pin: _13907_/A1, Layer: met2
Partial/Required:  1.75, Required:    400.0, Partial:   700.89, Net: _08961_, Pin: _14135_/A1, Layer: met2
Partial/Required:  1.74, Required:    400.0, Partial:   694.89, Net: _06928_, Pin: _25433_/B, Layer: met1
Partial/Required:  1.73, Required:    400.0, Partial:   693.44, Net: RAM1.mem\[127\]\[1\], Pin: _14986_/A1, Layer: met1
Partial/Required:  1.73, Required:    400.0, Partial:    691.0, Net: RAM1.mem\[232\]\[1\], Pin: _22320_/A1, Layer: met1
Partial/Required:  1.72, Required:    400.0, Partial:   686.22, Net: _08447_, Pin: _13267_/A1, Layer: met2
Partial/Required:  1.71, Required:  2773.88, Partial:  4732.83, Net: _09839_, Pin: _15364_/S, Layer: met3
Partial/Required:  1.69, Required:    400.0, Partial:   677.56, Net: _12240_, Pin: _17671_/A0, Layer: met1
Partial/Required:  1.69, Required:      6.0, Partial:    10.16, Net: _08964_, Pin: _18963_/A1, Layer: li1
Partial/Required:  1.69, Required:      6.0, Partial:    10.16, Net: net111, Pin: _16603_/A, Layer: li1
Partial/Required:  1.69, Required:    400.0, Partial:    676.0, Net: RAM1.mem\[155\]\[7\], Pin: _16848_/A1, Layer: met1
Partial/Required:  1.68, Required:    400.0, Partial:   672.89, Net: _03353_, Pin: _20168_/S0, Layer: met2
Partial/Required:  1.68, Required:    400.0, Partial:   672.67, Net: _08748_, Pin: _14390_/A0, Layer: met1
Partial/Required:  1.68, Required:    400.0, Partial:   672.39, Net: _06045_, Pin: _23694_/A0, Layer: met2
Partial/Required:  1.68, Required:    400.0, Partial:   672.37, Net: _03259_, Pin: _19762_/A, Layer: met2
Partial/Required:  1.68, Required:    400.0, Partial:   672.33, Net: _08636_, Pin: _14400_/A1, Layer: met1
Partial/Required:  1.67, Required:    400.0, Partial:   667.78, Net: RAM1.mem\[125\]\[1\], Pin: _13639_/A1, Layer: met1
Partial/Required:  1.66, Required:    400.0, Partial:   662.44, Net: RAM1.mem\[75\]\[6\], Pin: _21328_/A3, Layer: met1
Partial/Required:  1.65, Required:    400.0, Partial:   661.59, Net: _09414_, Pin: _14862_/A, Layer: met3
Partial/Required:  1.65, Required:    400.0, Partial:   661.59, Net: _09414_, Pin: _14871_/A, Layer: met3
Partial/Required:  1.65, Required:    400.0, Partial:   659.67, Net: RAM1.mem\[120\]\[5\], Pin: _25288_/A1, Layer: met1
Partial/Required:  1.65, Required:    400.0, Partial:    658.0, Net: _05883_, Pin: _22979_/A0, Layer: met1
Partial/Required:  1.64, Required:    400.0, Partial:   657.33, Net: _05327_, Pin: _22505_/A1, Layer: met1
Partial/Required:  1.64, Required:    400.0, Partial:   655.89, Net: RAM1.mem\[235\]\[7\], Pin: _22391_/A1, Layer: met1
Partial/Required:  1.63, Required:    400.0, Partial:   652.15, Net: _09545_, Pin: _15692_/C1, Layer: met3
Partial/Required:  1.62, Required:    400.0, Partial:   647.11, Net: _03371_, Pin: _20969_/B, Layer: met1
Partial/Required:  1.61, Required:    400.0, Partial:   642.44, Net: _12235_, Pin: _17694_/A0, Layer: met2
Partial/Required:  1.61, Required:    400.0, Partial:   642.36, Net: _03381_, Pin: _20710_/B1, Layer: met2
Partial/Required:  1.59, Required:    400.0, Partial:   634.22, Net: RAM1.mem\[123\]\[3\], Pin: _15750_/A1, Layer: met1
Partial/Required:  1.58, Required:    400.0, Partial:    634.0, Net: _09058_, Pin: _17446_/A1, Layer: met1
Partial/Required:  1.58, Required:    400.0, Partial:   631.11, Net: _07272_, Pin: _25453_/A0, Layer: met1
Partial/Required:  1.58, Required:    400.0, Partial:   630.76, Net: _04709_, Pin: _21217_/B1, Layer: met3
Partial/Required:  1.57, Required:  2773.88, Partial:  4347.17, Net: _07541_, Pin: _25126_/A0, Layer: met3
Partial/Required:  1.56, Required:    400.0, Partial:    625.0, Net: RAM1.mem\[3\]\[5\], Pin: _18261_/A0, Layer: met1
Partial/Required:  1.56, Required:    400.0, Partial:   624.11, Net: _02704_, Pin: _22405_/A0, Layer: met2
Partial/Required:  1.56, Required:    400.0, Partial:   624.11, Net: _02704_, Pin: _22353_/A0, Layer: met2
Partial/Required:  1.56, Required:    400.0, Partial:   624.11, Net: _02704_, Pin: _21816_/A0, Layer: met2
Partial/Required:  1.56, Required:    400.0, Partial:   622.35, Net: net104, Pin: _15001_/S, Layer: met3
Partial/Required:  1.56, Required:    400.0, Partial:   622.35, Net: net104, Pin: _16407_/S, Layer: met3
Partial/Required:  1.55, Required:    400.0, Partial:   620.17, Net: _08742_, Pin: _17291_/A0, Layer: met2
Partial/Required:  1.54, Required:    400.0, Partial:   617.89, Net: _05264_, Pin: _21884_/A0, Layer: met2
Partial/Required:  1.54, Required:    400.0, Partial:    617.0, Net: RAM1.mem\[55\]\[2\], Pin: _15374_/A1, Layer: met2
Partial/Required:  1.54, Required:    400.0, Partial:   616.25, Net: _09894_, Pin: _16057_/S, Layer: met3
Partial/Required:  1.54, Required:    400.0, Partial:    615.0, Net: _12638_, Pin: _18971_/A0, Layer: met1
Partial/Required:  1.53, Required:    400.0, Partial:   611.67, Net: _06128_, Pin: _23184_/A0, Layer: met1
Partial/Required:  1.53, Required:    400.0, Partial:   611.56, Net: _09603_, Pin: _15310_/A1, Layer: met3
Partial/Required:  1.53, Required:    400.0, Partial:   611.56, Net: _09603_, Pin: _16378_/A1, Layer: met3
Partial/Required:  1.53, Required:    400.0, Partial:   610.11, Net: RAM1.mem\[7\]\[2\], Pin: _15428_/A1, Layer: met1
Partial/Required:  1.51, Required:    400.0, Partial:   604.89, Net: net153, Pin: _14756_/S, Layer: met3
Partial/Required:  1.51, Required:    400.0, Partial:   604.89, Net: net153, Pin: _16607_/A2, Layer: met3
Partial/Required:  1.51, Required:    400.0, Partial:   602.33, Net: _08970_, Pin: _13919_/A1, Layer: met2
Partial/Required:  1.51, Required:    400.0, Partial:   602.33, Net: _08970_, Pin: _14144_/A1, Layer: met2
Partial/Required:  1.51, Required:    400.0, Partial:   602.02, Net: _09557_, Pin: _14873_/A1, Layer: met3
Partial/Required:  1.51, Required:    400.0, Partial:   602.02, Net: _09557_, Pin: _14864_/A1, Layer: met3
Partial/Required:  1.50, Required:    400.0, Partial:   601.86, Net: _05261_, Pin: _22100_/A0, Layer: met2
Partial/Required:  1.50, Required:    400.0, Partial:   601.86, Net: _05261_, Pin: _21784_/A0, Layer: met2
Partial/Required:  1.50, Required:    400.0, Partial:   599.11, Net: RAM1.mem\[249\]\[3\], Pin: _15612_/A1, Layer: met1
Partial/Required:  1.49, Required:    400.0, Partial:   597.67, Net: _09052_, Pin: _17440_/A1, Layer: met1
Partial/Required:  1.49, Required:    400.0, Partial:   596.83, Net: _09943_, Pin: _15057_/S, Layer: met1
Partial/Required:  1.47, Required:    400.0, Partial:   587.89, Net: RAM1.mem\[88\]\[4\], Pin: _16010_/A0, Layer: met1
Partial/Required:  1.47, Required:    400.0, Partial:   586.44, Net: _12632_, Pin: _18965_/A0, Layer: met1
Partial/Required:  1.47, Required:    400.0, Partial:    586.0, Net: RAM1.mem\[235\]\[6\], Pin: _16669_/A1, Layer: met1
Partial/Required:  1.45, Required:    400.0, Partial:   581.44, Net: _06843_, Pin: _24114_/A0, Layer: met1
Partial/Required:  1.45, Required:    400.0, Partial:   581.37, Net: _09749_, Pin: _16283_/A1, Layer: met3
Partial/Required:  1.45, Required:    400.0, Partial:   578.67, Net: RAM1.mem\[3\]\[4\], Pin: _18258_/A0, Layer: met1
Partial/Required:  1.43, Required:    400.0, Partial:   571.67, Net: _07141_, Pin: _24421_/A1, Layer: met2
Partial/Required:  1.43, Required:    400.0, Partial:   571.04, Net: _08642_, Pin: _14406_/A1, Layer: met2
Partial/Required:  1.43, Required:    400.0, Partial:   571.04, Net: _08642_, Pin: _22300_/A1, Layer: met2
Partial/Required:  1.43, Required:    400.0, Partial:   571.04, Net: _08642_, Pin: _22045_/A1, Layer: met2
Partial/Required:  1.43, Required:    400.0, Partial:   570.44, Net: _02837_, Pin: _19722_/A0, Layer: met1
Partial/Required:  1.41, Required:    400.0, Partial:   565.71, Net: net131, Pin: _16597_/S, Layer: met3
Partial/Required:  1.41, Required:    400.0, Partial:   563.33, Net: _09295_, Pin: _17080_/A0, Layer: met1
Partial/Required:  1.41, Required:    400.0, Partial:   562.78, Net: RAM1.mem\[3\]\[1\], Pin: _18249_/A0, Layer: met1
Partial/Required:  1.41, Required:    400.0, Partial:   562.56, Net: RAM1.mem\[123\]\[6\], Pin: _25212_/A1, Layer: met1
Partial/Required:  1.40, Required:    400.0, Partial:   560.67, Net: _09064_, Pin: _17400_/A1, Layer: met1
Partial/Required:  1.39, Required:    400.0, Partial:   557.78, Net: _12638_, Pin: _22437_/A0, Layer: met1
Partial/Required:  1.39, Required:    400.0, Partial:   556.78, Net: RAM1.mem\[203\]\[6\], Pin: _23502_/A1, Layer: met1
Partial/Required:  1.38, Required:    400.0, Partial:   552.89, Net: _05585_, Pin: _22415_/A0, Layer: met1
Partial/Required:  1.38, Required:    400.0, Partial:   552.44, Net: _09586_, Pin: _15609_/A, Layer: met1
Partial/Required:  1.37, Required:    400.0, Partial:   546.46, Net: _03491_, Pin: _20755_/A2, Layer: met3
Partial/Required:  1.37, Required:    400.0, Partial:   546.46, Net: _03491_, Pin: _20001_/A2, Layer: met3
Partial/Required:  1.37, Required:    400.0, Partial:   546.46, Net: _03491_, Pin: _20542_/A2, Layer: met3
Partial/Required:  1.35, Required:    400.0, Partial:   538.94, Net: _08276_, Pin: _17214_/A0, Layer: met2
Partial/Required:  1.34, Required:  2947.76, Partial:  3952.25, Net: _09486_, Pin: _16570_/A, Layer: met3
Partial/Required:  1.34, Required:    400.0, Partial:    535.0, Net: _07129_, Pin: _24708_/A0, Layer: met1
Partial/Required:  1.33, Required:    400.0, Partial:    533.0, Net: RAM1.mem\[239\]\[2\], Pin: _15518_/A1, Layer: met1
Partial/Required:  1.33, Required:    400.0, Partial:   530.01, Net: _09422_, Pin: _14527_/A, Layer: met3
Partial/Required:  1.32, Required:    400.0, Partial:    530.0, Net: _09556_, Pin: _16332_/A, Layer: met1
Partial/Required:  1.32, Required:    400.0, Partial:   528.89, Net: _09190_, Pin: _15930_/C1, Layer: met3
Partial/Required:  1.32, Required:    400.0, Partial:   528.89, Net: _09190_, Pin: _15896_/C1, Layer: met3
Partial/Required:  1.32, Required:    400.0, Partial:   528.89, Net: _09190_, Pin: _15965_/C1, Layer: met3
Partial/Required:  1.32, Required:    400.0, Partial:   528.56, Net: _07108_, Pin: _24555_/A0, Layer: met2
Partial/Required:  1.32, Required:    400.0, Partial:   528.33, Net: _12508_, Pin: _17972_/A0, Layer: met1
Partial/Required:  1.32, Required:    400.0, Partial:    528.0, Net: _05018_, Pin: _21762_/A1, Layer: met1
Partial/Required:  1.32, Required:    400.0, Partial:   527.97, Net: _08325_, Pin: _14507_/A1, Layer: met3
Partial/Required:  1.32, Required:    400.0, Partial:   527.97, Net: _08325_, Pin: _14570_/A1, Layer: met3
Partial/Required:  1.31, Required:    400.0, Partial:   525.44, Net: _12644_, Pin: _22443_/A0, Layer: met1
Partial/Required:  1.31, Required:    400.0, Partial:   523.81, Net: _10002_, Pin: _16263_/A, Layer: met3
Partial/Required:  1.31, Required:    400.0, Partial:    522.8, Net: _11086_, Pin: _16196_/A3, Layer: met3
Partial/Required:  1.31, Required:    400.0, Partial:   522.78, Net: RAM1.mem\[40\]\[5\], Pin: _18233_/A1, Layer: met1
Partial/Required:  1.30, Required:    400.0, Partial:   521.57, Net: _09543_, Pin: _16552_/B1, Layer: met3
Partial/Required:  1.30, Required:    400.0, Partial:   521.22, Net: _05799_, Pin: _22758_/A1, Layer: met1
Partial/Required:  1.29, Required:    400.0, Partial:    517.3, Net: _07263_, Pin: _24594_/A0, Layer: met2
Partial/Required:  1.29, Required:    400.0, Partial:    517.3, Net: _07263_, Pin: _25675_/A0, Layer: met2
Partial/Required:  1.29, Required:    400.0, Partial:    517.3, Net: _07263_, Pin: _24832_/A0, Layer: met2
Partial/Required:  1.29, Required:    400.0, Partial:   515.56, Net: RAM1.mem\[1\]\[7\], Pin: _16981_/A1, Layer: met1
Partial/Required:  1.28, Required:    400.0, Partial:   512.67, Net: RAM1.mem\[106\]\[2\], Pin: _15307_/A0, Layer: met1
Partial/Required:  1.27, Required:    400.0, Partial:    510.0, Net: _09309_, Pin: _17450_/A0, Layer: met1
Partial/Required:  1.27, Required:    400.0, Partial:   508.67, Net: RAM1.mem\[126\]\[6\], Pin: _16452_/A0, Layer: met1
Partial/Required:  1.27, Required:    400.0, Partial:    508.0, Net: RAM1.mem\[10\]\[6\], Pin: _17123_/A1, Layer: met1
Partial/Required:  1.27, Required:    400.0, Partial:   507.11, Net: RAM1.mem\[232\]\[4\], Pin: _22329_/A1, Layer: met1
Partial/Required:  1.26, Required:    400.0, Partial:   504.67, Net: _05805_, Pin: _22764_/A1, Layer: met1
Partial/Required:  1.26, Required:    400.0, Partial:   504.67, Net: _05805_, Pin: _22657_/A1, Layer: met1
Partial/Required:  1.25, Required:    400.0, Partial:   500.78, Net: RAM1.mem\[253\]\[1\], Pin: _13905_/A1, Layer: met1
Partial/Required:  1.25, Required:    400.0, Partial:   499.89, Net: _12626_, Pin: _18553_/A0, Layer: met1
Partial/Required:  1.24, Required:    400.0, Partial:   497.22, Net: _05579_, Pin: _22409_/A0, Layer: met1
Partial/Required:  1.24, Required:    400.0, Partial:   495.52, Net: _08415_, Pin: _16967_/B2, Layer: met1
Partial/Required:  1.24, Required:    400.0, Partial:   495.47, Net: _08381_, Pin: _17731_/A0, Layer: met2
Partial/Required:  1.24, Required:    400.0, Partial:   495.47, Net: _08381_, Pin: _17237_/A0, Layer: met2
Partial/Required:  1.23, Required:    400.0, Partial:    493.0, Net: RAM1.mem\[10\]\[5\], Pin: _17120_/A1, Layer: met1
Partial/Required:  1.21, Required:    400.0, Partial:   484.67, Net: RAM1.mem\[40\]\[1\], Pin: _15085_/A0, Layer: met1
Partial/Required:  1.21, Required:    400.0, Partial:   484.37, Net: _09759_, Pin: _16078_/A1, Layer: met3
Partial/Required:  1.21, Required:    400.0, Partial:   484.37, Net: _09759_, Pin: _15504_/A1, Layer: met3
Partial/Required:  1.21, Required:    400.0, Partial:   484.37, Net: _09759_, Pin: _16862_/C1, Layer: met3
Partial/Required:  1.20, Required:    400.0, Partial:   481.89, Net: _08999_, Pin: _13964_/A0, Layer: met1
Partial/Required:  1.20, Required:    400.0, Partial:   480.19, Net: RAM1.mem\[249\]\[7\], Pin: _21659_/B2, Layer: met1
Partial/Required:  1.20, Required:    400.0, Partial:   479.56, Net: _03508_, Pin: _20332_/B, Layer: met1
Partial/Required:  1.20, Required:    400.0, Partial:   479.42, Net: _09422_, Pin: _16298_/C1, Layer: met3
Partial/Required:  1.19, Required:    400.0, Partial:   477.67, Net: _05799_, Pin: _22706_/A1, Layer: met1
Partial/Required:  1.19, Required:    400.0, Partial:   474.67, Net: RAM1.mem\[74\]\[6\], Pin: _17267_/A1, Layer: met1
Partial/Required:  1.19, Required:    400.0, Partial:   474.38, Net: net87, Pin: _13368_/A, Layer: met3
Partial/Required:  1.18, Required:    400.0, Partial:   473.78, Net: _04458_, Pin: _20965_/A1, Layer: met3
Partial/Required:  1.18, Required:    400.0, Partial:   473.67, Net: _06831_, Pin: _24098_/A0, Layer: met1
Partial/Required:  1.18, Required:    400.0, Partial:   471.56, Net: _06709_, Pin: _23924_/A1, Layer: met1
Partial/Required:  1.17, Required:    400.0, Partial:   469.52, Net: _09430_, Pin: _15357_/S, Layer: met3
Partial/Required:  1.17, Required:    400.0, Partial:   469.52, Net: _09430_, Pin: _15345_/S, Layer: met3
Partial/Required:  1.17, Required:    400.0, Partial:   469.11, Net: _03444_, Pin: _21537_/A, Layer: met1
Partial/Required:  1.17, Required:    400.0, Partial:   468.78, Net: RAM1.mem\[249\]\[2\], Pin: _13525_/A1, Layer: met1
Partial/Required:  1.16, Required:    400.0, Partial:   462.22, Net: RAM1.mem\[11\]\[7\], Pin: _16973_/A1, Layer: met1
Partial/Required:  1.16, Required:    400.0, Partial:    462.1, Net: _07544_, Pin: _25313_/A0, Layer: met2
Partial/Required:  1.16, Required:    400.0, Partial:    462.1, Net: _07544_, Pin: _25233_/A0, Layer: met2
Partial/Required:  1.16, Required:    400.0, Partial:    462.1, Net: _07544_, Pin: _25181_/A0, Layer: met2
Partial/Required:  1.16, Required:    400.0, Partial:    462.1, Net: _07544_, Pin: _25129_/A0, Layer: met2
Partial/Required:  1.15, Required:    400.0, Partial:   461.78, Net: _05565_, Pin: _22589_/A0, Layer: met1
Partial/Required:  1.15, Required:    400.0, Partial:   460.33, Net: _12514_, Pin: _17948_/A0, Layer: met1
Partial/Required:  1.15, Required:    400.0, Partial:   460.32, Net: net106, Pin: _15276_/S, Layer: met3
Partial/Required:  1.15, Required:    400.0, Partial:   460.11, Net: _12764_, Pin: _18688_/A0, Layer: met1
Partial/Required:  1.15, Required:    400.0, Partial:   459.89, Net: net46, Pin: hold211/A, Layer: met1
Partial/Required:  1.15, Required:    400.0, Partial:   458.78, Net: _07113_, Pin: _24930_/A0, Layer: met1
Partial/Required:  1.15, Required:    400.0, Partial:   458.22, Net: _09630_, Pin: _16169_/A, Layer: met3
Partial/Required:  1.15, Required:    400.0, Partial:   458.22, Net: _09630_, Pin: _15639_/A, Layer: met3
Partial/Required:  1.14, Required:    400.0, Partial:   457.67, Net: _03492_, Pin: _21583_/A2, Layer: met2
Partial/Required:  1.14, Required:  4220.08, Partial:  4820.82, Net: net4, Pin: _12948_/A, Layer: met5
Partial/Required:  1.14, Required:  4220.08, Partial:  4820.82, Net: net4, Pin: _12957_/A, Layer: met5
Partial/Required:  1.14, Required:    400.0, Partial:   455.01, Net: _09549_, Pin: _15700_/A1, Layer: met2
Partial/Required:  1.14, Required:    400.0, Partial:   455.01, Net: _09549_, Pin: _16907_/C1, Layer: met2
Partial/Required:  1.14, Required:    400.0, Partial:   454.72, Net: net113, Pin: _15077_/S, Layer: met1
Partial/Required:  1.13, Required:    400.0, Partial:   453.64, Net: _08275_, Pin: _24580_/A0, Layer: met2
Partial/Required:  1.13, Required:    400.0, Partial:   453.64, Net: _08275_, Pin: _24665_/A0, Layer: met2
Partial/Required:  1.13, Required:    400.0, Partial:   453.64, Net: _08275_, Pin: _24769_/A1, Layer: met2
Partial/Required:  1.13, Required:    400.0, Partial:   453.64, Net: _08275_, Pin: _25664_/A0, Layer: met2
Partial/Required:  1.13, Required:    400.0, Partial:    452.0, Net: _09318_, Pin: _17459_/A0, Layer: met1
Partial/Required:  1.13, Required:    400.0, Partial:   450.33, Net: _05267_, Pin: _22195_/A0, Layer: met1
Partial/Required:  1.13, Required:    400.0, Partial:   450.33, Net: _05327_, Pin: _21871_/A1, Layer: met1
Partial/Required:  1.12, Required:    400.0, Partial:   449.89, Net: _05509_, Pin: _22298_/A1, Layer: met1
Partial/Required:  1.12, Required:    400.0, Partial:   448.39, Net: _08357_, Pin: _17776_/A0, Layer: met2
Partial/Required:  1.12, Required:    400.0, Partial:   448.39, Net: _08357_, Pin: _17118_/A0, Layer: met2
Partial/Required:  1.12, Required:    400.0, Partial:   447.98, Net: _08474_, Pin: _17982_/A, Layer: met2
Partial/Required:  1.12, Required:    400.0, Partial:   447.98, Net: _08474_, Pin: _18544_/A, Layer: met2
Partial/Required:  1.12, Required:    400.0, Partial:    447.0, Net: _08645_, Pin: _22462_/A1, Layer: met1
Partial/Required:  1.12, Required:    400.0, Partial:   446.67, Net: _06724_, Pin: _24763_/A1, Layer: met2
Partial/Required:  1.11, Required:    400.0, Partial:   445.22, Net: RAM1.mem\[4\]\[4\], Pin: _15928_/A0, Layer: met2
Partial/Required:  1.11, Required:    400.0, Partial:   444.89, Net: RAM1.mem\[120\]\[7\], Pin: _16876_/A0, Layer: met1
Partial/Required:  1.11, Required:    400.0, Partial:   444.22, Net: RAM1.mem\[180\]\[1\], Pin: _15170_/A0, Layer: met1
Partial/Required:  1.11, Required:    400.0, Partial:   442.44, Net: _05267_, Pin: _21999_/A0, Layer: met1
Partial/Required:  1.11, Required:  2773.88, Partial:   3065.4, Net: _07541_, Pin: _25178_/A0, Layer: met3
Partial/Required:  1.10, Required:    400.0, Partial:   441.78, Net: _03455_, Pin: _20572_/B1, Layer: met2
Partial/Required:  1.10, Required:    400.0, Partial:   441.44, Net: _06234_, Pin: _24549_/A0, Layer: met1
Partial/Required:  1.10, Required:    400.0, Partial:   440.83, Net: _06033_, Pin: _23761_/A0, Layer: met2
Partial/Required:  1.10, Required:    400.0, Partial:   440.83, Net: _06033_, Pin: _23517_/A0, Layer: met2
Partial/Required:  1.10, Required:    400.0, Partial:   440.83, Net: _06033_, Pin: _23186_/A0, Layer: met2
Partial/Required:  1.10, Required:    400.0, Partial:   439.97, Net: _09953_, Pin: _15999_/A1, Layer: met2
Partial/Required:  1.10, Required:    400.0, Partial:   438.83, Net: _10248_, Pin: _15356_/A, Layer: met2
Partial/Required:  1.09, Required:    400.0, Partial:   437.99, Net: RAM1.mem\[202\]\[1\], Pin: _20359_/A1, Layer: met1
Partial/Required:  1.09, Required:    400.0, Partial:   436.88, Net: _03289_, Pin: _20181_/A, Layer: met3
Partial/Required:  1.09, Required:    400.0, Partial:   436.79, Net: _09844_, Pin: _15830_/C1, Layer: met3
Partial/Required:  1.09, Required:    400.0, Partial:   436.79, Net: _09844_, Pin: _16992_/C1, Layer: met3
Partial/Required:  1.09, Required:    400.0, Partial:   436.79, Net: _09844_, Pin: _15424_/A1, Layer: met3
Partial/Required:  1.08, Required:    400.0, Partial:   433.65, Net: _09441_, Pin: _14555_/A, Layer: met3
Partial/Required:  1.08, Required:    400.0, Partial:   433.65, Net: _09441_, Pin: _15205_/S, Layer: met3
Partial/Required:  1.08, Required:    400.0, Partial:   432.44, Net: _02704_, Pin: _21936_/A0, Layer: met1
Partial/Required:  1.08, Required:    400.0, Partial:    432.0, Net: RAM1.mem\[90\]\[0\], Pin: _14866_/A0, Layer: met1
Partial/Required:  1.08, Required:    400.0, Partial:   430.89, Net: _05330_, Pin: _22482_/A1, Layer: met1
Partial/Required:  1.07, Required:    400.0, Partial:    429.0, Net: RAM1.mem\[115\]\[2\], Pin: _15293_/A1, Layer: met1
Partial/Required:  1.07, Required:    400.0, Partial:   428.44, Net: _12618_, Pin: _22115_/A0, Layer: met1
Partial/Required:  1.07, Required:    400.0, Partial:   428.44, Net: _12618_, Pin: _22421_/A0, Layer: met1
Partial/Required:  1.07, Required:    400.0, Partial:   428.11, Net: RAM1.mem\[253\]\[1\], Pin: _15218_/A1, Layer: met1
Partial/Required:  1.07, Required:    400.0, Partial:   427.01, Net: _09023_, Pin: _14180_/A0, Layer: met2
Partial/Required:  1.07, Required:    400.0, Partial:   427.01, Net: _09023_, Pin: _14055_/A0, Layer: met2
Partial/Required:  1.07, Required:    400.0, Partial:   427.01, Net: _09023_, Pin: _14243_/A0, Layer: met2
Partial/Required:  1.07, Required:    400.0, Partial:   427.01, Net: _09023_, Pin: _14092_/A0, Layer: met2
Partial/Required:  1.07, Required:    400.0, Partial:   427.01, Net: _09023_, Pin: _14122_/A0, Layer: met2
Partial/Required:  1.07, Required:    400.0, Partial:   426.44, Net: _02693_, Pin: _22395_/A0, Layer: met1
Partial/Required:  1.06, Required:    400.0, Partial:   425.39, Net: RAM1.mem\[139\]\[6\], Pin: _25683_/A1, Layer: met1
Partial/Required:  1.06, Required:  4512.68, Partial:  4778.14, Net: net42, Pin: output42/A, Layer: met3
Partial/Required:  1.06, Required:    400.0, Partial:    423.0, Net: RAM1.mem\[57\]\[3\], Pin: _15846_/A1, Layer: met1
Partial/Required:  1.06, Required:    400.0, Partial:   422.66, Net: RAM1.mem\[181\]\[2\], Pin: _15454_/A1, Layer: met1
Partial/Required:  1.05, Required:    400.0, Partial:   419.01, Net: _07117_, Pin: _24699_/A0, Layer: met3
Partial/Required:  1.05, Required:    400.0, Partial:   419.01, Net: _07117_, Pin: _24647_/A0, Layer: met3
Partial/Required:  1.05, Required:    400.0, Partial:   419.01, Net: _07117_, Pin: _24725_/A0, Layer: met3
Partial/Required:  1.05, Required:    400.0, Partial:   418.22, Net: RAM1.mem\[194\]\[0\], Pin: _23312_/A0, Layer: met1
Partial/Required:  1.05, Required:    400.0, Partial:   418.22, Net: _06131_, Pin: _23005_/A0, Layer: met1
Partial/Required:  1.04, Required:    400.0, Partial:   417.79, Net: _09434_, Pin: _15476_/A1, Layer: met2
Partial/Required:  1.04, Required:    400.0, Partial:    417.0, Net: RAM1.mem\[170\]\[2\], Pin: _24126_/A1, Layer: met1
Partial/Required:  1.04, Required:    400.0, Partial:   416.44, Net: RAM1.mem\[154\]\[5\], Pin: _21280_/A1, Layer: met1
Partial/Required:  1.04, Required:    400.0, Partial:    415.0, Net: _09545_, Pin: _16361_/C1, Layer: met3
Partial/Required:  1.04, Required:    400.0, Partial:    415.0, Net: _09545_, Pin: _16890_/A1, Layer: met3
Partial/Required:  1.04, Required:    400.0, Partial:   414.67, Net: _09052_, Pin: _14073_/A1, Layer: met1
Partial/Required:  1.03, Required:    400.0, Partial:   413.56, Net: _07544_, Pin: _25313_/A0, Layer: met1
Partial/Required:  1.03, Required:    400.0, Partial:   413.44, Net: _09707_, Pin: _16596_/S, Layer: met2
Partial/Required:  1.03, Required:    400.0, Partial:   411.74, Net: _08366_, Pin: _24681_/A0, Layer: met2
Partial/Required:  1.03, Required:    400.0, Partial:   411.74, Net: _08366_, Pin: _24601_/A0, Layer: met2
Partial/Required:  1.03, Required:    400.0, Partial:   411.74, Net: _08366_, Pin: _25680_/A0, Layer: met2
Partial/Required:  1.03, Required:    400.0, Partial:   411.11, Net: _08440_, Pin: _13259_/A1, Layer: met1
Partial/Required:  1.03, Required:    400.0, Partial:   410.89, Net: _09695_, Pin: _15992_/A1, Layer: met3
Partial/Required:  1.03, Required:    400.0, Partial:   410.56, Net: RAM1.mem\[139\]\[3\], Pin: _25674_/A1, Layer: met1
Partial/Required:  1.03, Required:    400.0, Partial:   410.38, Net: _10496_, Pin: _16832_/S, Layer: met3
Partial/Required:  1.03, Required:    400.0, Partial:   410.38, Net: _10496_, Pin: _16199_/S, Layer: met3
Partial/Required:  1.03, Required:    400.0, Partial:   410.26, Net: _12632_, Pin: _18500_/A0, Layer: met3
Partial/Required:  1.03, Required:    400.0, Partial:   410.26, Net: _12632_, Pin: _18474_/A0, Layer: met3
Partial/Required:  1.03, Required:    400.0, Partial:   410.26, Net: _12632_, Pin: _18559_/A0, Layer: met3
Partial/Required:  1.03, Required:    400.0, Partial:   410.26, Net: _12632_, Pin: _22431_/A0, Layer: met3
Partial/Required:  1.03, Required:    400.0, Partial:   410.26, Net: _12632_, Pin: _22128_/A0, Layer: met3
Partial/Required:  1.03, Required:    400.0, Partial:   410.26, Net: _12632_, Pin: _23790_/A0, Layer: met3
Partial/Required:  1.02, Required:    400.0, Partial:   407.89, Net: RAM1.mem\[143\]\[1\], Pin: _15179_/A1, Layer: met1
Partial/Required:  1.01, Required:    400.0, Partial:   405.56, Net: _06908_, Pin: _24560_/A0, Layer: met2
Partial/Required:  1.01, Required:    400.0, Partial:   404.83, Net: _09632_, Pin: _14985_/S, Layer: met2
Partial/Required:  1.01, Required:    400.0, Partial:   404.81, Net: _02752_, Pin: _19169_/A0, Layer: met2
Partial/Required:  1.01, Required:    400.0, Partial:   404.81, Net: _02752_, Pin: _19143_/A0, Layer: met2
Partial/Required:  1.01, Required:    400.0, Partial:   403.41, Net: _09582_, Pin: _15673_/S, Layer: met3
Partial/Required:  1.01, Required:    400.0, Partial:   403.41, Net: _09582_, Pin: _14687_/S, Layer: met3
Partial/Required:  1.01, Required:    400.0, Partial:   403.41, Net: _09582_, Pin: _15719_/S, Layer: met3
Partial/Required:  1.01, Required:    400.0, Partial:   403.41, Net: _09582_, Pin: _15727_/S, Layer: met3
Partial/Required:  1.01, Required:    400.0, Partial:   403.33, Net: _08970_, Pin: _18036_/A1, Layer: met1
Partial/Required:  1.01, Required:    400.0, Partial:   402.67, Net: _06225_, Pin: _24540_/A0, Layer: met1
Partial/Required:  1.01, Required:    400.0, Partial:   402.07, Net: _09891_, Pin: _15050_/A, Layer: met3
Partial/Required:  1.01, Required:    400.0, Partial:   402.07, Net: _09891_, Pin: _15013_/S, Layer: met3
Partial/Required:  1.00, Required:    400.0, Partial:   400.78, Net: _06712_, Pin: _24777_/A1, Layer: met1
