
===========================================================================
 report_power
============================================================================
======================= Fastest Corner ===================================

Group                  Internal  Switching    Leakage      Total
                          Power      Power      Power      Power (Watts)
----------------------------------------------------------------
Sequential             1.09e-02   9.27e-04   3.36e-08   1.18e-02  38.6%
Combinational          9.62e-03   9.20e-03   1.91e-07   1.88e-02  61.4%
Macro                  0.00e+00   0.00e+00   0.00e+00   0.00e+00   0.0%
Pad                    0.00e+00   0.00e+00   0.00e+00   0.00e+00   0.0%
----------------------------------------------------------------
Total                  2.05e-02   1.01e-02   2.25e-07   3.07e-02 100.0%
                          67.0%      33.0%       0.0%

======================= Slowest Corner ===================================

Group                  Internal  Switching    Leakage      Total
                          Power      Power      Power      Power (Watts)
----------------------------------------------------------------
Sequential             7.32e-03   6.15e-04   3.31e-05   7.96e-03  38.1%
Combinational          6.82e-03   6.03e-03   8.67e-05   1.29e-02  61.9%
Macro                  0.00e+00   0.00e+00   0.00e+00   0.00e+00   0.0%
Pad                    0.00e+00   0.00e+00   0.00e+00   0.00e+00   0.0%
----------------------------------------------------------------
Total                  1.41e-02   6.64e-03   1.20e-04   2.09e-02 100.0%
                          67.6%      31.8%       0.6%

======================= Typical Corner ===================================

Group                  Internal  Switching    Leakage      Total
                          Power      Power      Power      Power (Watts)
----------------------------------------------------------------
Sequential             9.39e-03   7.83e-04   1.89e-08   1.02e-02  38.7%
Combinational          8.39e-03   7.76e-03   1.21e-07   1.61e-02  61.3%
Macro                  0.00e+00   0.00e+00   0.00e+00   0.00e+00   0.0%
Pad                    0.00e+00   0.00e+00   0.00e+00   0.00e+00   0.0%
----------------------------------------------------------------
Total                  1.78e-02   8.55e-03   1.40e-07   2.63e-02 100.0%
                          67.5%      32.5%       0.0%

